
> @wacrm/web@0.0.1v beta build
> next build

▲ Next.js 16.2.9 (Turbopack)
- Environments: .env.local, .env

⚠ The "middleware" file convention is deprecated. Please use "proxy" instead. Learn more: https://nextjs.org/docs/messages/middleware-to-proxy
  Creating an optimized production build ...
✓ Compiled successfully in 21.7s
  Running TypeScript ...
  Finished TypeScript in 24.1s ...
  Collecting page data using 7 workers ...
⚠ Using edge runtime on a page currently disables static generation for that page
Firebase Admin initialized via Base64 ENV
  Generating static pages using 7 workers (0/94) ...
  Generating static pages using 7 workers (23/94) 
  Generating static pages using 7 workers (46/94) 
  Generating static pages using 7 workers (70/94) 
✓ Generating static pages using 7 workers (94/94) in 1602ms
  Finalizing page optimization ...

Route (app)
┌ ○ /
├ ○ /_not-found
├ ○ /admin
├ ○ /admin/drivers
├ ○ /admin/drivers/applications
├ ○ /admin/providers
├ ○ /agro
├ ○ /ai-assistant
├ ƒ /api/account
├ ƒ /api/account/api-keys
├ ƒ /api/account/api-keys/[id]
├ ƒ /api/account/invitations
├ ƒ /api/account/invitations/[id]
├ ƒ /api/account/members
├ ƒ /api/account/members/[userId]
├ ƒ /api/account/transfer-ownership
├ ƒ /api/admin/driver-applications
├ ƒ /api/admin/drivers
├ ƒ /api/admin/drivers/add-funds
├ ƒ /api/admin/drivers/clear-commission
├ ƒ /api/admin/testo/import
├ ƒ /api/auth/callback
├ ƒ /api/auth/check
├ ƒ /api/auth/firebase-bridge
├ ƒ /api/auth/otp/verify
├ ƒ /api/auth/otp/waba
├ ƒ /api/auth/pin
├ ƒ /api/auth/pin/reset
├ ƒ /api/auth/pin/set
├ ƒ /api/automations
├ ƒ /api/automations/[id]
├ ƒ /api/automations/[id]/duplicate
├ ƒ /api/automations/cron
├ ƒ /api/automations/engine
├ ƒ /api/conversations
├ ƒ /api/conversations/[id]/messages
├ ƒ /api/dashboard/metrics
├ ƒ /api/fago/broadcast
├ ƒ /api/fago/drivers
├ ƒ /api/fago/providers
├ ƒ /api/fago/quotes
├ ƒ /api/fago/requests
├ ƒ /api/fago/requests/[id]
├ ƒ /api/fago/search
├ ƒ /api/fago/select-winner
├ ƒ /api/flows
├ ƒ /api/flows/[id]
├ ƒ /api/flows/[id]/activate
├ ƒ /api/flows/[id]/runs
├ ƒ /api/flows/cron
├ ƒ /api/flows/templates
├ ƒ /api/invitations/[token]/peek
├ ƒ /api/invitations/[token]/redeem
├ ƒ /api/notifications/send
├ ƒ /api/notify
├ ƒ /api/notify/request-ride
├ ƒ /api/payments/submit
├ ƒ /api/payments/verify-upi
├ ƒ /api/profile/update
├ ƒ /api/testo/leaderboard
├ ƒ /api/testo/papers
├ ƒ /api/testo/purchase
├ ƒ /api/testo/questions
├ ƒ /api/testo/status
├ ƒ /api/testo/submit
├ ƒ /api/transcribe
├ ƒ /api/v1/me
├ ƒ /api/whatsapp/broadcast
├ ƒ /api/whatsapp/config
├ ƒ /api/whatsapp/config/verify-registration
├ ƒ /api/whatsapp/media/[mediaId]
├ ƒ /api/whatsapp/react
├ ƒ /api/whatsapp/send
├ ƒ /api/whatsapp/templates/[id]
├ ƒ /api/whatsapp/templates/submit
├ ƒ /api/whatsapp/templates/sync
├ ƒ /api/whatsapp/webhook
├ ○ /automations
├ ƒ /automations/[id]/edit
├ ƒ /automations/[id]/logs
├ ○ /automations/new
├ ○ /broadcasts
├ ƒ /broadcasts/[id]
├ ○ /broadcasts/new
├ ○ /contacts
├ ○ /crm
├ ○ /dashboard
├ ○ /dealo
├ ○ /drivo
├ ○ /flows
├ ƒ /flows/[id]
├ ƒ /flows/[id]/runs
├ ƒ /icon
├ ○ /inbox
├ ƒ /join/[token]
├ ○ /login
├ ○ /mandi
├ ○ /manifest.webmanifest
├ ○ /moneyo
├ ○ /onboarding
├ ○ /pipelines
├ ○ /privacy
├ ○ /profile
├ ○ /rento
├ ○ /rideo
├ ○ /settings
├ ○ /tasko
├ ○ /teacho
├ ○ /terms
├ ○ /testo
├ ○ /toolso
├ ○ /touro
├ ○ /tradeo
├ ○ /tvo
└ ○ /wallet


ƒ Proxy (Middleware)

○  (Static)   prerendered as static content
ƒ  (Dynamic)  server-rendered on demand

npm notice
npm notice New major version of npm available! 11.17.0 -> 12.0.2
npm notice Changelog: https://github.com/npm/cli/releases/tag/v12.0.2
npm notice To update run: npm install -g npm@12.0.2
npm notice
